#
# A fatal error has been detected by the Java Runtime Environment:
#
#  EXCEPTION_ACCESS_VIOLATION (0xc0000005) at pc=0x00007ffc14e51894, pid=23064, tid=28872
#
# JRE version: OpenJDK Runtime Environment Temurin-21.0.10+7 (21.0.10+7) (build 21.0.10+7-LTS)
# Java VM: OpenJDK 64-Bit Server VM Temurin-21.0.10+7 (21.0.10+7-LTS, mixed mode, sharing, tiered, compressed oops, compressed class ptrs, parallel gc, windows-amd64)
# Problematic frame:
# V  [jvm.dll+0x6e1894]
#
# No core dump will be written. Minidumps are not enabled by default on client versions of Windows
#
# If you would like to submit a bug report, please visit:
#   https://github.com/adoptium/adoptium-support/issues
#

---------------  S U M M A R Y ------------

Command Line: --add-modules=ALL-SYSTEM --add-opens=java.base/java.util=ALL-UNNAMED --add-opens=java.base/java.lang=ALL-UNNAMED --add-opens=java.base/sun.nio.fs=ALL-UNNAMED -Declipse.application=org.eclipse.jdt.ls.core.id1 -Dosgi.bundles.defaultStartLevel=4 -Declipse.product=org.eclipse.jdt.ls.core.product -Djava.import.generatesMetadataFilesAtProjectRoot=false -DDetectVMInstallationsJob.disabled=true -Dfile.encoding=utf8 -XX:+UseParallelGC -XX:GCTimeRatio=4 -XX:AdaptiveSizePolicyWeight=90 -Dsun.zip.disableMemoryMapping=true -Xmx2G -Xms100m -Xlog:disable -javaagent:c:\Users\ASUS\.vscode\extensions\redhat.java-1.54.0-win32-x64\lombok\lombok-1.18.39-4050.jar -XX:+HeapDumpOnOutOfMemoryError -XX:HeapDumpPath=c:\Users\ASUS\AppData\Roaming\Code\User\workspaceStorage\9b012d05ac8a093de4e6e11bdb2e5965\redhat.java -Daether.dependencyCollector.impl=bf c:\Users\ASUS\.vscode\extensions\redhat.java-1.54.0-win32-x64\server\plugins\org.eclipse.equinox.launcher_1.7.100.v20251111-0406.jar -configuration c:\Users\ASUS\AppData\Roaming\Code\User\globalStorage\redhat.java\1.54.0\config_win -data c:\Users\ASUS\AppData\Roaming\Code\User\workspaceStorage\9b012d05ac8a093de4e6e11bdb2e5965\redhat.java\jdt_ws --pipe=\\.\pipe\lsp-f2c841c074b848560da9e9714c41de3b-sock

Host: Intel(R) Core(TM) i5-10300H CPU @ 2.50GHz, 8 cores, 15G,  Windows 11 , 64 bit Build 26100 (10.0.26100.8328)
Time: Sat May  9 18:35:31 2026 SE Asia Standard Time elapsed time: 17.363162 seconds (0d 0h 0m 17s)

---------------  T H R E A D  ---------------

Current thread (0x000002038c328a40):  WorkerThread "GC Thread#6"    [id=28872, stack(0x000000b17f300000,0x000000b17f400000) (1024K)]

Stack: [0x000000b17f300000,0x000000b17f400000],  sp=0x000000b17f3ffa50,  free space=1022k
Native frames: (J=compiled Java code, j=interpreted, Vv=VM code, C=native code)
V  [jvm.dll+0x6e1894]
V  [jvm.dll+0x6e215e]
V  [jvm.dll+0x70cb9f]
V  [jvm.dll+0x70c2ad]
V  [jvm.dll+0x71076d]
V  [jvm.dll+0x86983b]
V  [jvm.dll+0x714183]
V  [jvm.dll+0x8e2b41]
V  [jvm.dll+0x85f59d]
V  [jvm.dll+0x6d626d]
C  [ucrtbase.dll+0x37b0]
C  [KERNEL32.DLL+0x2e957]
C  [ntdll.dll+0x427c]


siginfo: EXCEPTION_ACCESS_VIOLATION (0xc0000005), reading address 0xffffffffffffffff


Registers:
RAX=0x1ffffffff0000800, RBX=0x0000000000004000, RCX=0x0000000000000000, RDX=0x0000020341140000
RSP=0x000000b17f3ffa50, RBP=0x000000b17f3ffae0, RSI=0x00000000800260a4, RDI=0x000002034569e0f0
R8 =0x007fffffffc00020, R9 =0x000000000000001d, R10=0x000000000000007e, R11=0x0000000000000004
R12=0x00007ffc153b8250, R13=0x000000b17f3ffc98, R14=0x000002034608ad68, R15=0x0000000080026090
RIP=0x00007ffc14e51894, EFLAGS=0x0000000000010202

XMM[0]=0x000000b17e2ff850 0x0000020000000000
XMM[1]=0x0000000000000000 0x000000b17e2ff670
XMM[2]=0x0000000000000000 0x0000000000000000
XMM[3]=0x0000000000000000 0x0000000000000000
XMM[4]=0x0000000000000000 0x0000000000000000
XMM[5]=0x0000000000000000 0x0000000000000000
XMM[6]=0x0000000000000000 0x0000000000000000
XMM[7]=0x0000000000000000 0x0000000000000000
XMM[8]=0x0000000000000000 0x0000000000000000
XMM[9]=0x0000000000000000 0x0000000000000000
XMM[10]=0x0000000000000000 0x0000000000000000
XMM[11]=0x0000000000000000 0x0000000000000000
XMM[12]=0x0000000000000000 0x0000000000000000
XMM[13]=0x0000000000000000 0x0000000000000000
XMM[14]=0x0000000000000000 0x0000000000000000
XMM[15]=0x0000000000000000 0x0000000000000000
  MXCSR=0x00001fa0


Register to memory mapping:

RAX=0x1ffffffff0000800 is an unknown value
RBX=0x0000000000004000 is an unknown value
RCX=0x0 is null
RDX=0x0000020341140000 points into unknown readable memory: 0x00000000002494a5 | a5 94 24 00 00 00 00 00
RSP=0x000000b17f3ffa50 points into unknown readable memory: 0x000002038c9d5450 | 50 54 9d 8c 03 02 00 00
RBP=0x000000b17f3ffae0 points into unknown readable memory: 0x00007ffc152095a0 | a0 95 20 15 fc 7f 00 00
RSI=0x00000000800260a4 is pointing into object: java.util.HashMap 
{0x0000000080026090} - klass: 'java/util/HashMap'
 - ---- fields (total size 6 words):
 - transient 'keySet' 'Ljava/util/Set;' @12  
[error occurred during error reporting (printing register info), id 0xc0000005, EXCEPTION_ACCESS_VIOLATION (0xc0000005) at pc=0x00007ffc14e327ad]
RDI=0x000002034569e0f0 points into unknown readable memory: 0x000002032c910150 | 50 01 91 2c 03 02 00 00
R8 =0x007fffffffc00020 is an unknown value
R9 =0x000000000000001d is an unknown value
R10=0x000000000000007e is an unknown value
R11=0x0000000000000004 is an unknown value
R12=0x00007ffc153b8250 jvm.dll
R13=0x000000b17f3ffc98 points into unknown readable memory: 0x00007ffc15209ff0 | f0 9f 20 15 fc 7f 00 00
R14={method} {0x000002034608ad70} 'equals' '(Ljava/lang/Object;)Z' in 'java/util/AbstractMap'
R15=0x0000000080026090 is an oop: java.util.HashMap 
{0x0000000080026090} - klass: 'java/util/HashMap'
 - ---- fields (total size 6 words):
 - transient 'keySet' 'Ljava/util/Set;' @12  
[error occurred during error reporting (printing register info, attempt 2), id 0xc0000005, EXCEPTION_ACCESS_VIOLATION (0xc0000005) at pc=0x00007ffc14e327ad]

Top of Stack: (sp=0x000000b17f3ffa50)
0x000000b17f3ffa50:   000002038c9d5450 00007ffc14e5417a
0x000000b17f3ffa60:   00000000800261c0 00000000800261ac
0x000000b17f3ffa70:   000002034608ad58 00007ffc14e5215e
0x000000b17f3ffa80:   000000008002609c 00007ffc14e7c0ea
0x000000b17f3ffa90:   0000000000000000 00007ffc153b8250
0x000000b17f3ffaa0:   00007ffc152095a0 0000000000000000
0x000000b17f3ffab0:   0000000080026090 00007ffc14e7cb9f
0x000000b17f3ffac0:   0000000000000087 000002034569e0f0
0x000000b17f3ffad0:   00007ffc151677e0 0000000000000000
0x000000b17f3ffae0:   00007ffc152095a0 000002032ec9c880
0x000000b17f3ffaf0:   0000000000000004 000002034569e0f0
0x000000b17f3ffb00:   0000000000000000 000002034569e3b8
0x000000b17f3ffb10:   00000000000003d8 000002038c3beca0
0x000000b17f3ffb20:   000002034569e0f0 00007ffc14e7c2ad
0x000000b17f3ffb30:   000048142a94b15b 00007ffc14b6701e
0x000000b17f3ffb40:   000002034569e3b8 000002034569e0f0
0x000000b17f3ffb50:   0000000000000000 0000000000000000
0x000000b17f3ffb60:   000002032ed4c810 000002038c3bf078
0x000000b17f3ffb70:   000002038c1b7b00 000002038c3beca0
0x000000b17f3ffb80:   000002038c3bec90 00007ffc14e8076d
0x000000b17f3ffb90:   000002034569e0f0 000002038c3bec90
0x000000b17f3ffba0:   000002034569e0f0 000002038c328a40
0x000000b17f3ffbb0:   00007ffc15209e10 000002034569e0f0
0x000000b17f3ffbc0:   00007ffc151a62d8 000000b17f3ffbb0
0x000000b17f3ffbd0:   0000000000000000 000002034569e301
0x000000b17f3ffbe0:   0000000000000001 000000b17f3ffc98
0x000000b17f3ffbf0:   000000b17e1fed00 000002034569e0f0
0x000000b17f3ffc00:   000002038d214c90 00007ffc14fd983b
0x000000b17f3ffc10:   000002038d214be8 0000000000000009
0x000000b17f3ffc20:   000002032ed4c810 0000000000000000
0x000000b17f3ffc30:   0000000000000000 000002038c41c490
0x000000b17f3ffc40:   0000000000000000 000002038c41c490 

Instructions: (pc=0x00007ffc14e51894)
0x00007ffc14e51794:   84 9a 00 00 00 48 8b 15 e0 1a 5e 00 48 8b c3 8b
0x00007ffc14e517a4:   0d 03 8a 55 00 48 2b 02 48 8b 52 10 48 c1 e8 03
0x00007ffc14e517b4:   48 d3 e8 4c 8b c0 24 3f 49 c1 e8 06 0f b6 c8 4a
0x00007ffc14e517c4:   8b 04 c2 48 0f a3 c8 72 66 48 8b cb e8 bb 28 00
0x00007ffc14e517d4:   00 84 c0 74 5a 48 8b d3 48 8b cf e8 cc 2a 00 00
0x00007ffc14e517e4:   80 3d 16 2b 5e 00 00 74 46 80 3d 6b 8d 55 00 00
0x00007ffc14e517f4:   74 15 8b 43 08 8b 0d 39 78 55 00 48 d3 e0 48 03
0x00007ffc14e51804:   05 27 78 55 00 eb 04 48 8b 43 08 48 3b 05 a2 17
0x00007ffc14e51814:   60 00 75 1b 48 8b cb e8 b0 23 00 00 84 c0 74 0f
0x00007ffc14e51824:   48 8d 8f 80 08 00 00 48 8b d3 e8 fd fc 0c 00 48
0x00007ffc14e51834:   8b 5c 24 30 48 83 c4 20 5f c3 cc cc 40 57 48 83
0x00007ffc14e51844:   ec 20 8b 02 48 8b f9 85 c0 0f 84 bb 00 00 00 8b
0x00007ffc14e51854:   0d cf 77 55 00 48 8b 15 20 1a 5e 00 48 89 5c 24
0x00007ffc14e51864:   30 8b d8 48 d3 e3 48 03 1d af 77 55 00 8b 0d 35
0x00007ffc14e51874:   89 55 00 48 8b c3 48 2b 02 48 8b 52 10 48 c1 e8
0x00007ffc14e51884:   03 48 d3 e8 4c 8b c0 24 3f 49 c1 e8 06 0f b6 c8
0x00007ffc14e51894:   4a 8b 04 c2 48 0f a3 c8 72 6b 48 8b cb e8 ea 27
0x00007ffc14e518a4:   00 00 84 c0 74 5f 48 8b d3 48 8b cf e8 fb 29 00
0x00007ffc14e518b4:   00 80 3d 45 2a 5e 00 00 74 4b 48 85 db 74 46 80
0x00007ffc14e518c4:   3d 95 8c 55 00 00 74 15 8b 43 08 8b 0d 63 77 55
0x00007ffc14e518d4:   00 48 d3 e0 48 03 05 51 77 55 00 eb 04 48 8b 43
0x00007ffc14e518e4:   08 48 3b 05 cc 16 60 00 75 1b 48 8b cb e8 da 22
0x00007ffc14e518f4:   00 00 84 c0 74 0f 48 8d 8f 80 08 00 00 48 8b d3
0x00007ffc14e51904:   e8 27 fc 0c 00 48 8b 5c 24 30 48 83 c4 20 5f c3
0x00007ffc14e51914:   cc cc cc cc cc cc cc cc cc cc cc cc 48 89 5c 24
0x00007ffc14e51924:   18 56 57 41 55 41 56 41 57 48 83 ec 20 4c 63 91
0x00007ffc14e51934:   ac 00 00 00 4d 8b f0 4c 63 89 24 01 00 00 49 83
0x00007ffc14e51944:   c2 3a 8b 81 20 01 00 00 4d 03 d1 48 89 6c 24 50
0x00007ffc14e51954:   49 03 c2 4c 89 64 24 58 4c 8b fa 4c 8b e9 4a 8d
0x00007ffc14e51964:   2c d5 00 00 00 00 4c 8d 24 c5 00 00 00 00 48 03
0x00007ffc14e51974:   e9 4c 03 e1 49 3b ec 73 4b 0f 1f 00 48 63 5d 00
0x00007ffc14e51984:   8b 45 04 49 03 df 48 8d 34 c3 48 3b de 73 2c 48 


Stack slot to memory mapping:

stack at sp + 0 slots: 0x000002038c9d5450 points into unknown readable memory: 0x00000000808e28d8 | d8 28 8e 80 00 00 00 00
stack at sp + 1 slots: 0x00007ffc14e5417a jvm.dll
stack at sp + 2 slots: 0x00000000800261c0 is an oop: java.util.HashMap$Node 
{0x00000000800261c0} - klass: 'java/util/HashMap$Node'
 - ---- fields (total size 4 words):
 - final 'hash' 'I' @12  325036539 (0x135fa9fb)
 - final 'key' 'Ljava/lang/Object;' @16  a 'java/lang/Module'{0x00000000807c6aa0} (0x807c6aa0)
 - 'value' 'Ljava/lang/Object;' @20  a 'java/lang/Object'{0x00000000807c39f8} (0x807c39f8)
 - 'next' 'Ljava/util/HashMap$Node;' @24  null (0x00000000)
stack at sp + 3 slots: 0x00000000800261ac is pointing into object: [Ljava.util.HashMap$Node; 
{0x0000000080026170} - klass: 'java/util/HashMap$Node'[]
 - length: 16
stack at sp + 4 slots: 0x000002034608ad58 is pointing into metadata
stack at sp + 5 slots: 0x00007ffc14e5215e jvm.dll
stack at sp + 6 slots: 0x000000008002609c is pointing into object: java.util.HashMap 
{0x0000000080026090} - klass: 'java/util/HashMap'
 - ---- fields (total size 6 words):
 - transient 'keySet' 'Ljava/util/Set;' @12  
[error occurred during error reporting (inspecting top of stack), id 0xc0000005, EXCEPTION_ACCESS_VIOLATION (0xc0000005) at pc=0x00007ffc14e327ad]
stack at sp + 7 slots: 0x00007ffc14e7c0ea jvm.dll


---------------  P R O C E S S  ---------------

Threads class SMR info:
_java_thread_list=0x000002038c63c8d0, length=22, elements={
0x000002032ec957f0, 0x000002032ed4c810, 0x0000020345705b00, 0x0000020345707df0,
0x000002034570c240, 0x000002034570cca0, 0x000002034570d700, 0x00000203457104a0,
0x000002038c000080, 0x000002038c1d1570, 0x000002038c3163f0, 0x000002038cbd0100,
0x000002038c952950, 0x000002038ccdef50, 0x000002038ccdf990, 0x000002038c6b3e50,
0x000002038d262570, 0x000002038c16bb90, 0x000002038ca70780, 0x000002038c529e80,
0x000002038c529160, 0x000002038c5297f0
}

Java Threads: ( => current thread )
  0x000002032ec957f0 JavaThread "main"                              [_thread_blocked, id=27836, stack(0x000000b17de00000,0x000000b17df00000) (1024K)]
  0x000002032ed4c810 JavaThread "Reference Handler"          daemon [_thread_blocked, id=10060, stack(0x000000b17e200000,0x000000b17e300000) (1024K)]
  0x0000020345705b00 JavaThread "Finalizer"                  daemon [_thread_blocked, id=19884, stack(0x000000b17e300000,0x000000b17e400000) (1024K)]
  0x0000020345707df0 JavaThread "Signal Dispatcher"          daemon [_thread_blocked, id=364, stack(0x000000b17e400000,0x000000b17e500000) (1024K)]
  0x000002034570c240 JavaThread "Attach Listener"            daemon [_thread_blocked, id=29136, stack(0x000000b17e500000,0x000000b17e600000) (1024K)]
  0x000002034570cca0 JavaThread "Service Thread"             daemon [_thread_blocked, id=2880, stack(0x000000b17e600000,0x000000b17e700000) (1024K)]
  0x000002034570d700 JavaThread "Monitor Deflation Thread"   daemon [_thread_blocked, id=22628, stack(0x000000b17e700000,0x000000b17e800000) (1024K)]
  0x00000203457104a0 JavaThread "C2 CompilerThread0"         daemon [_thread_blocked, id=9668, stack(0x000000b17e800000,0x000000b17e900000) (1024K)]
  0x000002038c000080 JavaThread "C1 CompilerThread0"         daemon [_thread_blocked, id=21072, stack(0x000000b17e900000,0x000000b17ea00000) (1024K)]
  0x000002038c1d1570 JavaThread "Common-Cleaner"             daemon [_thread_blocked, id=8128, stack(0x000000b17ea00000,0x000000b17eb00000) (1024K)]
  0x000002038c3163f0 JavaThread "Notification Thread"        daemon [_thread_blocked, id=20884, stack(0x000000b17eb00000,0x000000b17ec00000) (1024K)]
  0x000002038cbd0100 JavaThread "Active Thread: Equinox Container: ba8b1eff-6881-4ed0-a51d-87a05851ce84"        [_thread_blocked, id=30160, stack(0x000000b17f400000,0x000000b17f500000) (1024K)]
  0x000002038c952950 JavaThread "Refresh Thread: Equinox Container: ba8b1eff-6881-4ed0-a51d-87a05851ce84" daemon [_thread_blocked, id=30688, stack(0x000000b17ed00000,0x000000b17ee00000) (1024K)]
  0x000002038ccdef50 JavaThread "Framework Event Dispatcher: Equinox Container: ba8b1eff-6881-4ed0-a51d-87a05851ce84" daemon [_thread_blocked, id=29984, stack(0x000000b17f500000,0x000000b17f600000) (1024K)]
  0x000002038ccdf990 JavaThread "Start Level: Equinox Container: ba8b1eff-6881-4ed0-a51d-87a05851ce84" daemon [_thread_blocked, id=19384, stack(0x000000b17f600000,0x000000b17f700000) (1024K)]
  0x000002038c6b3e50 JavaThread "Bundle File Closer"         daemon [_thread_blocked, id=22784, stack(0x000000b17f800000,0x000000b17f900000) (1024K)]
  0x000002038d262570 JavaThread "SCR Component Actor"        daemon [_thread_blocked, id=18712, stack(0x000000b17f700000,0x000000b17f800000) (1024K)]
  0x000002038c16bb90 JavaThread "C2 CompilerThread1"         daemon [_thread_blocked, id=26912, stack(0x000000b17f900000,0x000000b17fa00000) (1024K)]
  0x000002038ca70780 JavaThread "Worker-JM"                         [_thread_blocked, id=3828, stack(0x000000b17fb00000,0x000000b17fc00000) (1024K)]
  0x000002038c529e80 JavaThread "JNA Cleaner"                daemon [_thread_blocked, id=27240, stack(0x000000b17fa00000,0x000000b17fb00000) (1024K)]
  0x000002038c529160 JavaThread "Worker-0: Checking project encoding"        [_thread_blocked, id=12980, stack(0x000000b17fc00000,0x000000b17fd00000) (1024K)]
  0x000002038c5297f0 JavaThread "Worker-1"                          [_thread_blocked, id=20152, stack(0x000000b17fd00000,0x000000b17fe00000) (1024K)]
Total: 22

Other Threads:
  0x0000020345702610 VMThread "VM Thread"                           [id=7480, stack(0x000000b17e100000,0x000000b17e200000) (1024K)]
  0x000002034561ca00 WatcherThread "VM Periodic Task Thread"        [id=20248, stack(0x000000b17e000000,0x000000b17e100000) (1024K)]
  0x000002032ecb3f90 WorkerThread "GC Thread#0"                     [id=18404, stack(0x000000b17df00000,0x000000b17e000000) (1024K)]
  0x000002038c41e0b0 WorkerThread "GC Thread#1"                     [id=20460, stack(0x000000b17ee00000,0x000000b17ef00000) (1024K)]
  0x000002038cb1e400 WorkerThread "GC Thread#2"                     [id=10100, stack(0x000000b17ef00000,0x000000b17f000000) (1024K)]
  0x000002038cb1e7b0 WorkerThread "GC Thread#3"                     [id=28176, stack(0x000000b17f000000,0x000000b17f100000) (1024K)]
  0x000002038c3282e0 WorkerThread "GC Thread#4"                     [id=19728, stack(0x000000b17f100000,0x000000b17f200000) (1024K)]
  0x000002038c328690 WorkerThread "GC Thread#5"                     [id=19952, stack(0x000000b17f200000,0x000000b17f300000) (1024K)]
=>0x000002038c328a40 WorkerThread "GC Thread#6"                     [id=28872, stack(0x000000b17f300000,0x000000b17f400000) (1024K)]
  0x000002038c008720 WorkerThread "GC Thread#7"                     [id=26064, stack(0x000000b17ec00000,0x000000b17ed00000) (1024K)]
Total: 10

Threads with active compile tasks:
C2 CompilerThread1  17405 3681       4       org.objectweb.asm.Frame::execute (2303 bytes)
Total: 1

VM state: at safepoint (normal execution)

VM Mutex/Monitor currently owned by a thread:  ([mutex/lock_event])
[0x00007ffc1542e560] Threads_lock - owner thread: 0x0000020345702610
[0x00007ffc1542e660] Heap_lock - owner thread: 0x000002038c529160

Heap address: 0x0000000080000000, size: 2048 MB, Compressed Oops mode: 32-bit

CDS archive(s) mapped at: [0x0000020346000000-0x0000020346ba0000-0x0000020346ba0000), size 12189696, SharedBaseAddress: 0x0000020346000000, ArchiveRelocationMode: 1.
Compressed class space mapped at: 0x0000020347000000-0x0000020387000000, reserved size: 1073741824
Narrow klass base: 0x0000020346000000, Narrow klass shift: 0, Narrow klass range: 0x100000000

GC Precious Log:
 CardTable entry size: 512
 CPUs: 8 total, 8 available
 Memory: 16221M
 Large Page Support: Disabled
 NUMA Support: Disabled
 Compressed Oops: Enabled (32-bit)
 Alignments: Space 512K, Generation 512K, Heap 2M
 Heap Min Capacity: 100M
 Heap Initial Capacity: 100M
 Heap Max Capacity: 2G
 Pre-touch: Disabled
 Parallel Workers: 8

Heap:
 PSYoungGen      total 29184K, used 4219K [0x00000000d5580000, 0x00000000d7680000, 0x0000000100000000)
  eden space 24576K, 0% used [0x00000000d5580000,0x00000000d5580000,0x00000000d6d80000)
  from space 4608K, 91% used [0x00000000d6e00000,0x00000000d721ec38,0x00000000d7280000)
  to   space 4096K, 0% used [0x00000000d7280000,0x00000000d7280000,0x00000000d7680000)
 ParOldGen       total 68608K, used 9510K [0x0000000080000000, 0x0000000084300000, 0x00000000d5580000)
  object space 68608K, 13% used [0x0000000080000000,0x00000000809499a8,0x0000000084300000)
 Metaspace       used 20726K, committed 21504K, reserved 1114112K
  class space    used 2201K, committed 2560K, reserved 1048576K

Card table byte_map: [0x000002032e640000,0x000002032ea50000] _byte_map_base: 0x000002032e240000

Marking Bits: (ParMarkBitMap*) 0x00007ffc15433450
 Begin Bits: [0x0000020341140000, 0x0000020343140000)
 End Bits:   [0x0000020343140000, 0x0000020345140000)

Polling page: 0x000002032cb60000

Metaspace:

Usage:
  Non-class:     18.09 MB used.
      Class:      2.15 MB used.
       Both:     20.24 MB used.

Virtual space:
  Non-class space:       64.00 MB reserved,      18.50 MB ( 29%) committed,  1 nodes.
      Class space:        1.00 GB reserved,       2.50 MB ( <1%) committed,  1 nodes.
             Both:        1.06 GB reserved,      21.00 MB (  2%) committed. 

Chunk freelists:
   Non-Class:  13.38 MB
       Class:  13.52 MB
        Both:  26.90 MB

MaxMetaspaceSize: unlimited
CompressedClassSpaceSize: 1.00 GB
Initial GC threshold: 21.00 MB
Current GC threshold: 21.00 MB
CDS: on
 - commit_granule_bytes: 65536.
 - commit_granule_words: 8192.
 - virtual_space_node_default_size: 8388608.
 - enlarge_chunks_in_place: 1.
 - use_allocation_guard: 0.


Internal statistics:

num_allocs_failed_limit: 3.
num_arena_births: 604.
num_arena_deaths: 0.
num_vsnodes_births: 2.
num_vsnodes_deaths: 0.
num_space_committed: 336.
num_space_uncommitted: 0.
num_chunks_returned_to_freelist: 3.
num_chunks_taken_from_freelist: 1437.
num_chunk_merges: 3.
num_chunk_splits: 897.
num_chunks_enlarged: 553.
num_inconsistent_stats: 0.

CodeHeap 'non-profiled nmethods': size=120000Kb used=1670Kb max_used=1670Kb free=118329Kb
 bounds [0x0000020339960000, 0x0000020339bd0000, 0x0000020340e90000]
CodeHeap 'profiled nmethods': size=120000Kb used=7555Kb max_used=7555Kb free=112444Kb
 bounds [0x0000020331e90000, 0x0000020332600000, 0x00000203393c0000]
CodeHeap 'non-nmethods': size=5760Kb used=1292Kb max_used=1367Kb free=4468Kb
 bounds [0x00000203393c0000, 0x0000020339630000, 0x0000020339960000]
CodeCache: size=245760Kb, used=10517Kb, max_used=10592Kb, free=235241Kb
 total_blobs=4275, nmethods=3707, adapters=474, full_count=0
Compilation: enabled, stopped_count=0, restarted_count=0

Compilation events (20 events):
Event: 17.340 Thread 0x000002038c000080 nmethod 3702 0x0000020339afeb90 code [0x0000020339afed20, 0x0000020339afedf0]
Event: 17.343 Thread 0x000002038c000080 3703       1       org.eclipse.osgi.internal.serviceregistry.ServiceUse::getLock (5 bytes)
Event: 17.343 Thread 0x000002038c000080 nmethod 3703 0x0000020339afee90 code [0x0000020339aff020, 0x0000020339aff0e8]
Event: 17.343 Thread 0x000002038c000080 3704       3       java.lang.System$2::getEnumConstantsShared (8 bytes)
Event: 17.343 Thread 0x000002038c000080 nmethod 3704 0x00000203325ee710 code [0x00000203325ee8c0, 0x00000203325eeaf8]
Event: 17.345 Thread 0x000002038c000080 3705       3       java.lang.invoke.DirectMethodHandle$Holder::invokeStatic (17 bytes)
Event: 17.346 Thread 0x000002038c000080 nmethod 3705 0x00000203325eec10 code [0x00000203325eede0, 0x00000203325ef288]
Event: 17.346 Thread 0x000002038c000080 3706       3       java.lang.invoke.LambdaForm$MH/0x0000020347017800::invoke (32 bytes)
Event: 17.346 Thread 0x000002038c000080 nmethod 3706 0x00000203325ef390 code [0x00000203325ef560, 0x00000203325efa20]
Event: 17.346 Thread 0x000002038c000080 3707       1       org.eclipse.core.internal.dtree.AbstractDataTreeNode::isDelta (2 bytes)
Event: 17.346 Thread 0x000002038c000080 nmethod 3707 0x0000020339aff190 code [0x0000020339aff320, 0x0000020339aff3e8]
Event: 17.346 Thread 0x000002038c000080 3708       1       org.eclipse.core.internal.resources.Resource::getFullPath (5 bytes)
Event: 17.346 Thread 0x000002038c000080 nmethod 3708 0x0000020339aff490 code [0x0000020339aff620, 0x0000020339aff6e8]
Event: 17.347 Thread 0x000002038c000080 3709       3       org.eclipse.core.runtime.Path::append (147 bytes)
Event: 17.348 Thread 0x000002038c000080 nmethod 3709 0x00000203325efb90 code [0x00000203325efe40, 0x00000203325f0a40]
Event: 17.348 Thread 0x000002038c000080 3710       1       org.eclipse.core.internal.dtree.DataDeltaNode::isDelta (2 bytes)
Event: 17.348 Thread 0x000002038c000080 nmethod 3710 0x0000020339aff790 code [0x0000020339aff920, 0x0000020339aff9e8]
Event: 17.349 Thread 0x00000203457104a0 nmethod 3688 0x0000020339affa90 code [0x0000020339affce0, 0x0000020339b00b18]
Event: 17.349 Thread 0x00000203457104a0 3699       4       org.eclipse.osgi.framework.eventmgr.CopyOnWriteIdentityMap$Snapshot$EntryIterator::next (5 bytes)
Event: 17.350 Thread 0x00000203457104a0 nmethod 3699 0x0000020339b01790 code [0x0000020339b01920, 0x0000020339b01a50]

GC Heap History (15 events):
Event: 1.164 GC heap before
{Heap before GC invocations=1 (full 0):
 PSYoungGen      total 29696K, used 25600K [0x00000000d5580000, 0x00000000d7680000, 0x0000000100000000)
  eden space 25600K, 100% used [0x00000000d5580000,0x00000000d6e80000,0x00000000d6e80000)
  from space 4096K, 0% used [0x00000000d7280000,0x00000000d7280000,0x00000000d7680000)
  to   space 4096K, 0% used [0x00000000d6e80000,0x00000000d6e80000,0x00000000d7280000)
 ParOldGen       total 68608K, used 0K [0x0000000080000000, 0x0000000084300000, 0x00000000d5580000)
  object space 68608K, 0% used [0x0000000080000000,0x0000000080000000,0x0000000084300000)
 Metaspace       used 4342K, committed 4608K, reserved 1114112K
  class space    used 473K, committed 576K, reserved 1048576K
}
Event: 1.171 GC heap after
{Heap after GC invocations=1 (full 0):
 PSYoungGen      total 29696K, used 3312K [0x00000000d5580000, 0x00000000d7680000, 0x0000000100000000)
  eden space 25600K, 0% used [0x00000000d5580000,0x00000000d5580000,0x00000000d6e80000)
  from space 4096K, 80% used [0x00000000d6e80000,0x00000000d71bc148,0x00000000d7280000)
  to   space 4096K, 0% used [0x00000000d7280000,0x00000000d7280000,0x00000000d7680000)
 ParOldGen       total 68608K, used 16K [0x0000000080000000, 0x0000000084300000, 0x00000000d5580000)
  object space 68608K, 0% used [0x0000000080000000,0x0000000080004000,0x0000000084300000)
 Metaspace       used 4342K, committed 4608K, reserved 1114112K
  class space    used 473K, committed 576K, reserved 1048576K
}
Event: 7.599 GC heap before
{Heap before GC invocations=2 (full 0):
 PSYoungGen      total 29696K, used 28912K [0x00000000d5580000, 0x00000000d7680000, 0x0000000100000000)
  eden space 25600K, 100% used [0x00000000d5580000,0x00000000d6e80000,0x00000000d6e80000)
  from space 4096K, 80% used [0x00000000d6e80000,0x00000000d71bc148,0x00000000d7280000)
  to   space 4096K, 0% used [0x00000000d7280000,0x00000000d7280000,0x00000000d7680000)
 ParOldGen       total 68608K, used 16K [0x0000000080000000, 0x0000000084300000, 0x00000000d5580000)
  object space 68608K, 0% used [0x0000000080000000,0x0000000080004000,0x0000000084300000)
 Metaspace       used 7986K, committed 8320K, reserved 1114112K
  class space    used 831K, committed 960K, reserved 1048576K
}
Event: 7.606 GC heap after
{Heap after GC invocations=2 (full 0):
 PSYoungGen      total 29696K, used 4070K [0x00000000d5580000, 0x00000000d7680000, 0x0000000100000000)
  eden space 25600K, 0% used [0x00000000d5580000,0x00000000d5580000,0x00000000d6e80000)
  from space 4096K, 99% used [0x00000000d7280000,0x00000000d7679800,0x00000000d7680000)
  to   space 4096K, 0% used [0x00000000d6e80000,0x00000000d6e80000,0x00000000d7280000)
 ParOldGen       total 68608K, used 2077K [0x0000000080000000, 0x0000000084300000, 0x00000000d5580000)
  object space 68608K, 3% used [0x0000000080000000,0x0000000080207658,0x0000000084300000)
 Metaspace       used 7986K, committed 8320K, reserved 1114112K
  class space    used 831K, committed 960K, reserved 1048576K
}
Event: 11.768 GC heap before
{Heap before GC invocations=3 (full 0):
 PSYoungGen      total 29696K, used 29670K [0x00000000d5580000, 0x00000000d7680000, 0x0000000100000000)
  eden space 25600K, 100% used [0x00000000d5580000,0x00000000d6e80000,0x00000000d6e80000)
  from space 4096K, 99% used [0x00000000d7280000,0x00000000d7679800,0x00000000d7680000)
  to   space 4096K, 0% used [0x00000000d6e80000,0x00000000d6e80000,0x00000000d7280000)
 ParOldGen       total 68608K, used 2077K [0x0000000080000000, 0x0000000084300000, 0x00000000d5580000)
  object space 68608K, 3% used [0x0000000080000000,0x0000000080207658,0x0000000084300000)
 Metaspace       used 9418K, committed 9728K, reserved 1114112K
  class space    used 1005K, committed 1152K, reserved 1048576K
}
Event: 11.773 GC heap after
{Heap after GC invocations=3 (full 0):
 PSYoungGen      total 29696K, used 4077K [0x00000000d5580000, 0x00000000d7680000, 0x0000000100000000)
  eden space 25600K, 0% used [0x00000000d5580000,0x00000000d5580000,0x00000000d6e80000)
  from space 4096K, 99% used [0x00000000d6e80000,0x00000000d727b5d0,0x00000000d7280000)
  to   space 4096K, 0% used [0x00000000d7280000,0x00000000d7280000,0x00000000d7680000)
 ParOldGen       total 68608K, used 5066K [0x0000000080000000, 0x0000000084300000, 0x00000000d5580000)
  object space 68608K, 7% used [0x0000000080000000,0x00000000804f2898,0x0000000084300000)
 Metaspace       used 9418K, committed 9728K, reserved 1114112K
  class space    used 1005K, committed 1152K, reserved 1048576K
}
Event: 16.111 GC heap before
{Heap before GC invocations=4 (full 0):
 PSYoungGen      total 29696K, used 29677K [0x00000000d5580000, 0x00000000d7680000, 0x0000000100000000)
  eden space 25600K, 100% used [0x00000000d5580000,0x00000000d6e80000,0x00000000d6e80000)
  from space 4096K, 99% used [0x00000000d6e80000,0x00000000d727b5d0,0x00000000d7280000)
  to   space 4096K, 0% used [0x00000000d7280000,0x00000000d7280000,0x00000000d7680000)
 ParOldGen       total 68608K, used 5066K [0x0000000080000000, 0x0000000084300000, 0x00000000d5580000)
  object space 68608K, 7% used [0x0000000080000000,0x00000000804f2898,0x0000000084300000)
 Metaspace       used 11594K, committed 11968K, reserved 1114112K
  class space    used 1222K, committed 1408K, reserved 1048576K
}
Event: 16.116 GC heap after
{Heap after GC invocations=4 (full 0):
 PSYoungGen      total 29696K, used 4087K [0x00000000d5580000, 0x00000000d7680000, 0x0000000100000000)
  eden space 25600K, 0% used [0x00000000d5580000,0x00000000d5580000,0x00000000d6e80000)
  from space 4096K, 99% used [0x00000000d7280000,0x00000000d767dea8,0x00000000d7680000)
  to   space 4096K, 0% used [0x00000000d6e80000,0x00000000d6e80000,0x00000000d7280000)
 ParOldGen       total 68608K, used 6432K [0x0000000080000000, 0x0000000084300000, 0x00000000d5580000)
  object space 68608K, 9% used [0x0000000080000000,0x0000000080648180,0x0000000084300000)
 Metaspace       used 11594K, committed 11968K, reserved 1114112K
  class space    used 1222K, committed 1408K, reserved 1048576K
}
Event: 16.647 GC heap before
{Heap before GC invocations=5 (full 0):
 PSYoungGen      total 29696K, used 29687K [0x00000000d5580000, 0x00000000d7680000, 0x0000000100000000)
  eden space 25600K, 100% used [0x00000000d5580000,0x00000000d6e80000,0x00000000d6e80000)
  from space 4096K, 99% used [0x00000000d7280000,0x00000000d767dea8,0x00000000d7680000)
  to   space 4096K, 0% used [0x00000000d6e80000,0x00000000d6e80000,0x00000000d7280000)
 ParOldGen       total 68608K, used 6432K [0x0000000080000000, 0x0000000084300000, 0x00000000d5580000)
  object space 68608K, 9% used [0x0000000080000000,0x0000000080648180,0x0000000084300000)
 Metaspace       used 15509K, committed 16064K, reserved 1114112K
  class space    used 1617K, committed 1856K, reserved 1048576K
}
Event: 16.652 GC heap after
{Heap after GC invocations=5 (full 0):
 PSYoungGen      total 29184K, used 4070K [0x00000000d5580000, 0x00000000d7900000, 0x0000000100000000)
  eden space 25088K, 0% used [0x00000000d5580000,0x00000000d5580000,0x00000000d6e00000)
  from space 4096K, 99% used [0x00000000d6e80000,0x00000000d72798d8,0x00000000d7280000)
  to   space 5632K, 0% used [0x00000000d7380000,0x00000000d7380000,0x00000000d7900000)
 ParOldGen       total 68608K, used 7938K [0x0000000080000000, 0x0000000084300000, 0x00000000d5580000)
  object space 68608K, 11% used [0x0000000080000000,0x00000000807c09b0,0x0000000084300000)
 Metaspace       used 15509K, committed 16064K, reserved 1114112K
  class space    used 1617K, committed 1856K, reserved 1048576K
}
Event: 17.152 GC heap before
{Heap before GC invocations=6 (full 0):
 PSYoungGen      total 29184K, used 29158K [0x00000000d5580000, 0x00000000d7900000, 0x0000000100000000)
  eden space 25088K, 100% used [0x00000000d5580000,0x00000000d6e00000,0x00000000d6e00000)
  from space 4096K, 99% used [0x00000000d6e80000,0x00000000d72798d8,0x00000000d7280000)
  to   space 5632K, 0% used [0x00000000d7380000,0x00000000d7380000,0x00000000d7900000)
 ParOldGen       total 68608K, used 7938K [0x0000000080000000, 0x0000000084300000, 0x00000000d5580000)
  object space 68608K, 11% used [0x0000000080000000,0x00000000807c09b0,0x0000000084300000)
 Metaspace       used 18669K, committed 19392K, reserved 1114112K
  class space    used 1966K, committed 2240K, reserved 1048576K
}
Event: 17.156 GC heap after
{Heap after GC invocations=6 (full 0):
 PSYoungGen      total 29184K, used 4525K [0x00000000d5580000, 0x00000000d7800000, 0x0000000100000000)
  eden space 24576K, 0% used [0x00000000d5580000,0x00000000d5580000,0x00000000d6d80000)
  from space 4608K, 98% used [0x00000000d7380000,0x00000000d77eb730,0x00000000d7800000)
  to   space 5120K, 0% used [0x00000000d6e00000,0x00000000d6e00000,0x00000000d7300000)
 ParOldGen       total 68608K, used 7946K [0x0000000080000000, 0x0000000084300000, 0x00000000d5580000)
  object space 68608K, 11% used [0x0000000080000000,0x00000000807c29b0,0x0000000084300000)
 Metaspace       used 18669K, committed 19392K, reserved 1114112K
  class space    used 1966K, committed 2240K, reserved 1048576K
}
Event: 17.350 GC heap before
{Heap before GC invocations=7 (full 0):
 PSYoungGen      total 29184K, used 25152K [0x00000000d5580000, 0x00000000d7800000, 0x0000000100000000)
  eden space 24576K, 83% used [0x00000000d5580000,0x00000000d69a48e8,0x00000000d6d80000)
  from space 4608K, 98% used [0x00000000d7380000,0x00000000d77eb730,0x00000000d7800000)
  to   space 5120K, 0% used [0x00000000d6e00000,0x00000000d6e00000,0x00000000d7300000)
 ParOldGen       total 68608K, used 7946K [0x0000000080000000, 0x0000000084300000, 0x00000000d5580000)
  object space 68608K, 11% used [0x0000000080000000,0x00000000807c29b0,0x0000000084300000)
 Metaspace       used 20726K, committed 21504K, reserved 1114112K
  class space    used 2201K, committed 2560K, reserved 1048576K
}
Event: 17.354 GC heap after
{Heap after GC invocations=7 (full 0):
 PSYoungGen      total 29184K, used 4219K [0x00000000d5580000, 0x00000000d7680000, 0x0000000100000000)
  eden space 24576K, 0% used [0x00000000d5580000,0x00000000d5580000,0x00000000d6d80000)
  from space 4608K, 91% used [0x00000000d6e00000,0x00000000d721ec38,0x00000000d7280000)
  to   space 4096K, 0% used [0x00000000d7280000,0x00000000d7280000,0x00000000d7680000)
 ParOldGen       total 68608K, used 9510K [0x0000000080000000, 0x0000000084300000, 0x00000000d5580000)
  object space 68608K, 13% used [0x0000000080000000,0x00000000809499a8,0x0000000084300000)
 Metaspace       used 20726K, committed 21504K, reserved 1114112K
  class space    used 2201K, committed 2560K, reserved 1048576K
}
Event: 17.354 GC heap before
{Heap before GC invocations=8 (full 1):
 PSYoungGen      total 29184K, used 4219K [0x00000000d5580000, 0x00000000d7680000, 0x0000000100000000)
  eden space 24576K, 0% used [0x00000000d5580000,0x00000000d5580000,0x00000000d6d80000)
  from space 4608K, 91% used [0x00000000d6e00000,0x00000000d721ec38,0x00000000d7280000)
  to   space 4096K, 0% used [0x00000000d7280000,0x00000000d7280000,0x00000000d7680000)
 ParOldGen       total 68608K, used 9510K [0x0000000080000000, 0x0000000084300000, 0x00000000d5580000)
  object space 68608K, 13% used [0x0000000080000000,0x00000000809499a8,0x0000000084300000)
 Metaspace       used 20726K, committed 21504K, reserved 1114112K
  class space    used 2201K, committed 2560K, reserved 1048576K
}

Dll operation events (10 events):
Event: 0.018 Loaded shared library c:\Users\ASUS\.vscode\extensions\redhat.java-1.54.0-win32-x64\jre\21.0.10-win32-x86_64\bin\java.dll
Event: 0.151 Loaded shared library c:\Users\ASUS\.vscode\extensions\redhat.java-1.54.0-win32-x64\jre\21.0.10-win32-x86_64\bin\zip.dll
Event: 0.178 Loaded shared library C:\Users\ASUS\.vscode\extensions\redhat.java-1.54.0-win32-x64\jre\21.0.10-win32-x86_64\bin\instrument.dll
Event: 0.203 Loaded shared library C:\Users\ASUS\.vscode\extensions\redhat.java-1.54.0-win32-x64\jre\21.0.10-win32-x86_64\bin\net.dll
Event: 0.206 Loaded shared library C:\Users\ASUS\.vscode\extensions\redhat.java-1.54.0-win32-x64\jre\21.0.10-win32-x86_64\bin\nio.dll
Event: 0.210 Loaded shared library C:\Users\ASUS\.vscode\extensions\redhat.java-1.54.0-win32-x64\jre\21.0.10-win32-x86_64\bin\zip.dll
Event: 0.230 Loaded shared library C:\Users\ASUS\.vscode\extensions\redhat.java-1.54.0-win32-x64\jre\21.0.10-win32-x86_64\bin\jimage.dll
Event: 0.373 Loaded shared library c:\Users\ASUS\.vscode\extensions\redhat.java-1.54.0-win32-x64\jre\21.0.10-win32-x86_64\bin\verify.dll
Event: 8.432 Loaded shared library C:\Users\ASUS\AppData\Roaming\Code\User\globalStorage\redhat.java\1.54.0\config_win\org.eclipse.equinox.launcher\org.eclipse.equinox.launcher.win32.win32.x86_64_1.3.0.v20260203-2149\eclipse_11919.dll
Event: 16.827 Loaded shared library C:\Users\ASUS\AppData\Local\Temp\jna-2018896\jna8109121661998536150.dll

Deoptimization events (20 events):
Event: 17.081 Thread 0x000002038ccdf990 Uncommon trap: trap_request=0xffffff45 fr.pc=0x0000020339a95344 relative=0x00000000000000a4
Event: 17.081 Thread 0x000002038ccdf990 Uncommon trap: reason=unstable_if action=reinterpret pc=0x0000020339a95344 method=java.lang.ref.ReferenceQueue.poll()Ljava/lang/ref/Reference; @ 4 c2
Event: 17.081 Thread 0x000002038ccdf990 DEOPT PACKING pc=0x0000020339a95344 sp=0x000000b17f6f3cc0
Event: 17.081 Thread 0x000002038ccdf990 DEOPT UNPACKING pc=0x0000020339413aa2 sp=0x000000b17f6f3ba8 mode 2
Event: 17.248 Thread 0x000002038ccdf990 Uncommon trap: trap_request=0xffffff45 fr.pc=0x0000020339987544 relative=0x0000000000000464
Event: 17.248 Thread 0x000002038ccdf990 Uncommon trap: reason=unstable_if action=reinterpret pc=0x0000020339987544 method=java.lang.StringLatin1.canEncode(C)Z @ 4 c2
Event: 17.248 Thread 0x000002038ccdf990 DEOPT PACKING pc=0x0000020339987544 sp=0x000000b17f6f3230
Event: 17.248 Thread 0x000002038ccdf990 DEOPT UNPACKING pc=0x0000020339413aa2 sp=0x000000b17f6f3160 mode 2
Event: 17.248 Thread 0x000002038ccdf990 Uncommon trap: trap_request=0xffffff45 fr.pc=0x0000020339987fa4 relative=0x0000000000000444
Event: 17.248 Thread 0x000002038ccdf990 Uncommon trap: reason=unstable_if action=reinterpret pc=0x0000020339987fa4 method=java.lang.AbstractStringBuilder.isLatin1()Z @ 10 c2
Event: 17.248 Thread 0x000002038ccdf990 DEOPT PACKING pc=0x0000020339987fa4 sp=0x000000b17f6f3250
Event: 17.248 Thread 0x000002038ccdf990 DEOPT UNPACKING pc=0x0000020339413aa2 sp=0x000000b17f6f31e0 mode 2
Event: 17.248 Thread 0x000002038ccdf990 Uncommon trap: trap_request=0xffffff45 fr.pc=0x00000203399a550c relative=0x000000000000006c
Event: 17.248 Thread 0x000002038ccdf990 Uncommon trap: reason=unstable_if action=reinterpret pc=0x00000203399a550c method=java.lang.AbstractStringBuilder.isLatin1()Z @ 10 c2
Event: 17.248 Thread 0x000002038ccdf990 DEOPT PACKING pc=0x00000203399a550c sp=0x000000b17f6f3250
Event: 17.248 Thread 0x000002038ccdf990 DEOPT UNPACKING pc=0x0000020339413aa2 sp=0x000000b17f6f31e0 mode 2
Event: 17.248 Thread 0x000002038ccdf990 Uncommon trap: trap_request=0xffffff45 fr.pc=0x0000020339aa6bec relative=0x000000000000004c
Event: 17.248 Thread 0x000002038ccdf990 Uncommon trap: reason=unstable_if action=reinterpret pc=0x0000020339aa6bec method=java.lang.StringLatin1.canEncode(C)Z @ 4 c2
Event: 17.248 Thread 0x000002038ccdf990 DEOPT PACKING pc=0x0000020339aa6bec sp=0x000000b17f6f31e0
Event: 17.248 Thread 0x000002038ccdf990 DEOPT UNPACKING pc=0x0000020339413aa2 sp=0x000000b17f6f3168 mode 2

Classes loaded (20 events):
Event: 17.307 Loading class java/io/ObjectStreamClass$ClassDataSlot
Event: 17.307 Loading class java/io/ObjectStreamClass$ClassDataSlot done
Event: 17.307 Loading class java/io/ObjectInputStream$FieldValues
Event: 17.307 Loading class java/io/ObjectInputStream$GetField
Event: 17.307 Loading class java/io/ObjectInputStream$GetField done
Event: 17.307 Loading class java/io/ObjectInputStream$FieldValues done
Event: 17.309 Loading class java/io/SerialCallbackContext
Event: 17.309 Loading class java/io/SerialCallbackContext done
Event: 17.309 Loading class java/util/HashMap$UnsafeHolder
Event: 17.309 Loading class java/util/HashMap$UnsafeHolder done
Event: 17.318 Loading class org/w3c/dom/Node
Event: 17.319 Loading class org/w3c/dom/Node done
Event: 17.319 Loading class javax/xml/transform/Result
Event: 17.319 Loading class javax/xml/transform/Result done
Event: 17.319 Loading class javax/xml/transform/Source
Event: 17.319 Loading class javax/xml/transform/Source done
Event: 17.344 Loading class java/util/concurrent/locks/ReentrantReadWriteLock$Sync$HoldCounter
Event: 17.344 Loading class java/util/concurrent/locks/ReentrantReadWriteLock$Sync$HoldCounter done
Event: 17.347 Loading class java/net/Authenticator
Event: 17.348 Loading class java/net/Authenticator done

Classes unloaded (0 events):
No events

Classes redefined (0 events):
No events

Internal exceptions (20 events):
Event: 16.844 Thread 0x000002038ccdf990 Exception <a 'java/lang/NoSuchMethodError'{0x00000000d5bb0fb8}: 'void java.lang.invoke.DelegatingMethodHandle$Holder.reinvoke_L(java.lang.Object, java.lang.Object, int)'> (0x00000000d5bb0fb8) 
thrown [s\src\hotspot\share\interpreter\linkResolver.cpp, line 773]
Event: 16.844 Thread 0x000002038ccdf990 Exception <a 'java/lang/NoSuchMethodError'{0x00000000d5bb7ca0}: 'int java.lang.invoke.Invokers$Holder.invokeExact_MT(java.lang.Object, java.lang.Object, java.lang.Object)'> (0x00000000d5bb7ca0) 
thrown [s\src\hotspot\share\interpreter\linkResolver.cpp, line 773]
Event: 16.859 Thread 0x000002038ccdf990 Exception <a 'java/lang/NoSuchMethodError'{0x00000000d5ce3108}: 'void java.lang.invoke.Invokers$Holder.invokeExact_MT(java.lang.Object, java.lang.Object, int, java.lang.Object)'> (0x00000000d5ce3108) 
thrown [s\src\hotspot\share\interpreter\linkResolver.cpp, line 773]
Event: 16.910 Thread 0x000002038ccdf990 Exception <a 'java/lang/NoSuchMethodError'{0x00000000d5e34f18}: 'java.lang.Object java.lang.invoke.DirectMethodHandle$Holder.invokeSpecial(java.lang.Object, java.lang.Object, java.lang.Object, long, java.lang.Object)'> (0x00000000d5e34f18) 
thrown [s\src\hotspot\share\interpreter\linkResolver.cpp, line 773]
Event: 16.911 Thread 0x000002038ccdf990 Exception <a 'java/lang/NoSuchMethodError'{0x00000000d5e3c9b8}: 'java.lang.Object java.lang.invoke.DirectMethodHandle$Holder.newInvokeSpecial(java.lang.Object, java.lang.Object, java.lang.Object, long)'> (0x00000000d5e3c9b8) 
thrown [s\src\hotspot\share\interpreter\linkResolver.cpp, line 773]
Event: 16.911 Thread 0x000002038ccdf990 Exception <a 'java/lang/NoSuchMethodError'{0x00000000d5e40d68}: 'java.lang.Object java.lang.invoke.DirectMethodHandle$Holder.invokeSpecial(java.lang.Object, java.lang.Object, java.lang.Object, java.lang.Object, long)'> (0x00000000d5e40d68) 
thrown [s\src\hotspot\share\interpreter\linkResolver.cpp, line 773]
Event: 16.912 Thread 0x000002038ccdf990 Exception <a 'java/lang/NoSuchMethodError'{0x00000000d5e44988}: 'java.lang.Object java.lang.invoke.Invokers$Holder.linkToTargetMethod(java.lang.Object, java.lang.Object, long, java.lang.Object)'> (0x00000000d5e44988) 
thrown [s\src\hotspot\share\interpreter\linkResolver.cpp, line 773]
Event: 16.918 Thread 0x000002038ccdf990 Exception <a 'java/lang/NoSuchMethodError'{0x00000000d5ebecc8}: 'int java.lang.invoke.DirectMethodHandle$Holder.invokeStaticInit(java.lang.Object, java.lang.Object, java.lang.Object)'> (0x00000000d5ebecc8) 
thrown [s\src\hotspot\share\interpreter\linkResolver.cpp, line 773]
Event: 16.928 Thread 0x000002038ccdf990 Exception <a 'java/lang/IncompatibleClassChangeError'{0x00000000d5f6ee20}: Found class java.lang.Object, but interface was expected> (0x00000000d5f6ee20) 
thrown [s\src\hotspot\share\interpreter\linkResolver.cpp, line 840]
Event: 16.932 Thread 0x000002038ccdf990 Exception <a 'java/lang/NoSuchMethodError'{0x00000000d5f82ac0}: 'java.lang.Object java.lang.invoke.DirectMethodHandle$Holder.invokeSpecial(java.lang.Object, java.lang.Object, java.lang.Object, int, java.lang.Object, java.lang.Object)'> (0x00000000d5f82ac0) 
thrown [s\src\hotspot\share\interpreter\linkResolver.cpp, line 773]
Event: 16.933 Thread 0x000002038ccdf990 Exception <a 'java/lang/NoSuchMethodError'{0x00000000d5f8a4d8}: 'java.lang.Object java.lang.invoke.DirectMethodHandle$Holder.newInvokeSpecial(java.lang.Object, java.lang.Object, java.lang.Object, int, java.lang.Object)'> (0x00000000d5f8a4d8) 
thrown [s\src\hotspot\share\interpreter\linkResolver.cpp, line 773]
Event: 16.933 Thread 0x000002038ccdf990 Exception <a 'java/lang/NoSuchMethodError'{0x00000000d5f8e458}: 'java.lang.Object java.lang.invoke.DirectMethodHandle$Holder.invokeSpecial(java.lang.Object, java.lang.Object, java.lang.Object, java.lang.Object, int, java.lang.Object)'> (0x00000000d5f8e458) 
thrown [s\src\hotspot\share\interpreter\linkResolver.cpp, line 773]
Event: 16.933 Thread 0x000002038ccdf990 Exception <a 'java/lang/NoSuchMethodError'{0x00000000d5f921d8}: 'java.lang.Object java.lang.invoke.Invokers$Holder.linkToTargetMethod(java.lang.Object, java.lang.Object, int, java.lang.Object, java.lang.Object)'> (0x00000000d5f921d8) 
thrown [s\src\hotspot\share\interpreter\linkResolver.cpp, line 773]
Event: 16.934 Thread 0x000002038c529160 Exception <a 'java/lang/NoSuchMethodError'{0x00000000d5e9f610}: 'java.lang.Object java.lang.invoke.DirectMethodHandle$Holder.invokeSpecial(java.lang.Object, java.lang.Object, int, java.lang.Object, java.lang.Object)'> (0x00000000d5e9f610) 
thrown [s\src\hotspot\share\interpreter\linkResolver.cpp, line 773]
Event: 16.948 Thread 0x000002038ccdf990 Exception <a 'java/lang/NoSuchMethodError'{0x00000000d609a6e8}: 'void java.lang.invoke.DirectMethodHandle$Holder.invokeSpecial(java.lang.Object, java.lang.Object, java.lang.Object, java.lang.Object, java.lang.Object)'> (0x00000000d609a6e8) 
thrown [s\src\hotspot\share\interpreter\linkResolver.cpp, line 773]
Event: 17.080 Thread 0x000002038ccdf990 Exception <a 'java/lang/NoSuchMethodError'{0x00000000d6859978}: 'java.lang.Object java.lang.invoke.DirectMethodHandle$Holder.invokeInterface(java.lang.Object, java.lang.Object, java.lang.Object)'> (0x00000000d6859978) 
thrown [s\src\hotspot\share\interpreter\linkResolver.cpp, line 773]
Event: 17.138 Thread 0x000002038ccdf990 Exception <a 'java/lang/NoSuchMethodError'{0x00000000d6cde548}: 'java.lang.Object java.lang.invoke.Invokers$Holder.linkToTargetMethod(java.lang.Object, long, java.lang.Object, java.lang.Object)'> (0x00000000d6cde548) 
thrown [s\src\hotspot\share\interpreter\linkResolver.cpp, line 773]
Event: 17.208 Thread 0x000002038ccdf990 Exception <a 'java/io/FileNotFoundException'{0x00000000d5c70408}> (0x00000000d5c70408) 
thrown [s\src\hotspot\share\prims\jni.cpp, line 520]
Event: 17.209 Thread 0x000002038ccdf990 Exception <a 'java/lang/NoSuchMethodError'{0x00000000d5c789c0}: 'java.lang.Object java.lang.invoke.DirectMethodHandle$Holder.newInvokeSpecial(java.lang.Object, int, java.lang.Object, java.lang.Object)'> (0x00000000d5c789c0) 
thrown [s\src\hotspot\share\interpreter\linkResolver.cpp, line 773]
Event: 17.302 Thread 0x000002038ccdf990 Exception <a 'java/lang/NoSuchMethodError'{0x00000000d64fd300}: 'long java.lang.invoke.Invokers$Holder.invokeExact_MT(java.lang.Object, java.lang.Object)'> (0x00000000d64fd300) 
thrown [s\src\hotspot\share\interpreter\linkResolver.cpp, line 773]

ZGC Phase Switch (0 events):
No events

VM Operations (20 events):
Event: 16.503 Executing safepoint VM operation: ICBufferFull done
Event: 16.585 Executing non-safepoint VM operation: HandshakeAllThreads (Deoptimize)
Event: 16.585 Executing non-safepoint VM operation: HandshakeAllThreads (Deoptimize) done
Event: 16.647 Executing safepoint VM operation: ParallelGCFailedAllocation (Allocation Failure)
Event: 16.652 Executing safepoint VM operation: ParallelGCFailedAllocation (Allocation Failure) done
Event: 16.758 Executing non-safepoint VM operation: HandshakeAllThreads (Deoptimize)
Event: 16.758 Executing non-safepoint VM operation: HandshakeAllThreads (Deoptimize) done
Event: 16.833 Executing non-safepoint VM operation: HandshakeAllThreads (Deoptimize)
Event: 16.833 Executing non-safepoint VM operation: HandshakeAllThreads (Deoptimize) done
Event: 17.006 Executing non-safepoint VM operation: HandshakeAllThreads (Deoptimize)
Event: 17.006 Executing non-safepoint VM operation: HandshakeAllThreads (Deoptimize) done
Event: 17.041 Executing non-safepoint VM operation: HandshakeAllThreads (Deoptimize)
Event: 17.042 Executing non-safepoint VM operation: HandshakeAllThreads (Deoptimize) done
Event: 17.047 Executing non-safepoint VM operation: HandshakeAllThreads (Deoptimize)
Event: 17.047 Executing non-safepoint VM operation: HandshakeAllThreads (Deoptimize) done
Event: 17.088 Executing safepoint VM operation: ICBufferFull
Event: 17.088 Executing safepoint VM operation: ICBufferFull done
Event: 17.152 Executing safepoint VM operation: ParallelGCFailedAllocation (Allocation Failure)
Event: 17.156 Executing safepoint VM operation: ParallelGCFailedAllocation (Allocation Failure) done
Event: 17.350 Executing safepoint VM operation: CollectForMetadataAllocation (Metadata GC Threshold)

Memory protections (0 events):
No events

Nmethod flushes (0 events):
No events

Events (20 events):
Event: 2.208 Thread 0x000002038c952950 Thread exited: 0x000002038c952950
Event: 2.208 Thread 0x000002038c953000 Thread exited: 0x000002038c953000
Event: 8.426 Thread 0x000002032ec957f0 Thread added: 0x000002038c952950
Event: 8.467 Thread 0x000002038c952950 Thread added: 0x000002038ccdef50
Event: 8.472 Thread 0x000002032ec957f0 Thread added: 0x000002038ccdf990
Event: 8.522 Thread 0x000002038c000080 Thread added: 0x000002038c064020
Event: 8.860 Thread 0x000002038c000080 Thread added: 0x000002038c13fef0
Event: 9.796 Thread 0x000002038c13fef0 Thread exited: 0x000002038c13fef0
Event: 9.796 Thread 0x000002038c064020 Thread exited: 0x000002038c064020
Event: 11.764 Thread 0x000002038c000080 Thread added: 0x000002038ce41f70
Event: 11.846 Thread 0x000002038ccdf990 Thread added: 0x000002038c6b3e50
Event: 12.189 Thread 0x000002038ce41f70 Thread exited: 0x000002038ce41f70
Event: 16.082 Thread 0x000002038ccdf990 Thread added: 0x000002038d262570
Event: 16.182 Thread 0x00000203457104a0 Thread added: 0x000002038c16bb90
Event: 16.182 Thread 0x00000203457104a0 Thread added: 0x000002038c16c240
Event: 16.428 Thread 0x000002038ccdf990 Thread added: 0x000002038ca70780
Event: 16.734 Thread 0x000002038c16c240 Thread exited: 0x000002038c16c240
Event: 16.850 Thread 0x000002038ccdf990 Thread added: 0x000002038c529e80
Event: 16.914 Thread 0x000002038ccdf990 Thread added: 0x000002038c529160
Event: 16.934 Thread 0x000002038ccdf990 Thread added: 0x000002038c5297f0


Dynamic libraries:
0x00007ff646790000 - 0x00007ff64679e000 	c:\Users\ASUS\.vscode\extensions\redhat.java-1.54.0-win32-x64\jre\21.0.10-win32-x86_64\bin\java.exe
0x00007ffccbe60000 - 0x00007ffccc0c7000 	C:\WINDOWS\SYSTEM32\ntdll.dll
0x00007ffccb060000 - 0x00007ffccb129000 	C:\WINDOWS\System32\KERNEL32.DLL
0x00007ffcc8cd0000 - 0x00007ffcc90c7000 	C:\WINDOWS\System32\KERNELBASE.dll
0x00007ffcc8b80000 - 0x00007ffcc8ccb000 	C:\WINDOWS\System32\ucrtbase.dll
0x00007ffc8e680000 - 0x00007ffc8e698000 	c:\Users\ASUS\.vscode\extensions\redhat.java-1.54.0-win32-x64\jre\21.0.10-win32-x86_64\bin\jli.dll
0x00007ffc8e5c0000 - 0x00007ffc8e5de000 	c:\Users\ASUS\.vscode\extensions\redhat.java-1.54.0-win32-x64\jre\21.0.10-win32-x86_64\bin\VCRUNTIME140.dll
0x00007ffcc9be0000 - 0x00007ffcc9da6000 	C:\WINDOWS\System32\USER32.dll
0x00007ffcc8890000 - 0x00007ffcc88b7000 	C:\WINDOWS\System32\win32u.dll
0x00007ffccabe0000 - 0x00007ffccac0b000 	C:\WINDOWS\System32\GDI32.dll
0x00007ffcc7a90000 - 0x00007ffcc7d22000 	C:\WINDOWS\WinSxS\amd64_microsoft.windows.common-controls_6595b64144ccf1df_6.0.26100.8328_none_3e08182ce334b678\COMCTL32.dll
0x00007ffcc9190000 - 0x00007ffcc92bc000 	C:\WINDOWS\System32\gdi32full.dll
0x00007ffccae90000 - 0x00007ffccaf39000 	C:\WINDOWS\System32\msvcrt.dll
0x00007ffcc88c0000 - 0x00007ffcc8963000 	C:\WINDOWS\System32\msvcp_win.dll
0x00007ffccac90000 - 0x00007ffccacc2000 	C:\WINDOWS\System32\IMM32.DLL
0x00007ffcc2f80000 - 0x00007ffcc2f8c000 	c:\Users\ASUS\.vscode\extensions\redhat.java-1.54.0-win32-x64\jre\21.0.10-win32-x86_64\bin\vcruntime140_1.dll
0x00007ffc33860000 - 0x00007ffc338ed000 	c:\Users\ASUS\.vscode\extensions\redhat.java-1.54.0-win32-x64\jre\21.0.10-win32-x86_64\bin\msvcp140.dll
0x00007ffc14770000 - 0x00007ffc15511000 	c:\Users\ASUS\.vscode\extensions\redhat.java-1.54.0-win32-x64\jre\21.0.10-win32-x86_64\bin\server\jvm.dll
0x00007ffccb2d0000 - 0x00007ffccb386000 	C:\WINDOWS\System32\ADVAPI32.dll
0x00007ffccade0000 - 0x00007ffccae87000 	C:\WINDOWS\System32\sechost.dll
0x00007ffccaf40000 - 0x00007ffccb058000 	C:\WINDOWS\System32\RPCRT4.dll
0x00007ffccacd0000 - 0x00007ffccad50000 	C:\WINDOWS\System32\WS2_32.dll
0x00007ffcc86f0000 - 0x00007ffcc874e000 	C:\WINDOWS\SYSTEM32\POWRPROF.dll
0x00007ffcb7090000 - 0x00007ffcb70c6000 	C:\WINDOWS\SYSTEM32\WINMM.dll
0x00007ffcbfc90000 - 0x00007ffcbfc9b000 	C:\WINDOWS\SYSTEM32\VERSION.dll
0x00007ffcc86d0000 - 0x00007ffcc86e4000 	C:\WINDOWS\SYSTEM32\UMPDC.dll
0x00007ffcc6cb0000 - 0x00007ffcc6ccb000 	C:\WINDOWS\SYSTEM32\kernel.appcore.dll
0x00007ffcb31a0000 - 0x00007ffcb31aa000 	c:\Users\ASUS\.vscode\extensions\redhat.java-1.54.0-win32-x64\jre\21.0.10-win32-x86_64\bin\jimage.dll
0x00007ffcc8040000 - 0x00007ffcc8282000 	C:\WINDOWS\SYSTEM32\DBGHELP.DLL
0x00007ffccb8b0000 - 0x00007ffccbc33000 	C:\WINDOWS\System32\combase.dll
0x00007ffccbc40000 - 0x00007ffccbd19000 	C:\WINDOWS\System32\OLEAUT32.dll
0x00007ffcc7f30000 - 0x00007ffcc7f6b000 	C:\WINDOWS\SYSTEM32\dbgcore.DLL
0x00007ffcc92c0000 - 0x00007ffcc9368000 	C:\WINDOWS\System32\bcryptPrimitives.dll
0x00007ffcaf550000 - 0x00007ffcaf55f000 	c:\Users\ASUS\.vscode\extensions\redhat.java-1.54.0-win32-x64\jre\21.0.10-win32-x86_64\bin\instrument.dll
0x00007ffc8a190000 - 0x00007ffc8a1b0000 	c:\Users\ASUS\.vscode\extensions\redhat.java-1.54.0-win32-x64\jre\21.0.10-win32-x86_64\bin\java.dll
0x00007ffcc9e30000 - 0x00007ffcca59e000 	C:\WINDOWS\System32\SHELL32.dll
0x00007ffcc9370000 - 0x00007ffcc9bdc000 	C:\WINDOWS\System32\windows.storage.dll
0x00007ffccbd20000 - 0x00007ffccbe16000 	C:\WINDOWS\System32\SHCORE.dll
0x00007ffcc9dc0000 - 0x00007ffcc9e26000 	C:\WINDOWS\System32\shlwapi.dll
0x00007ffcc87b0000 - 0x00007ffcc87d9000 	C:\WINDOWS\SYSTEM32\profapi.dll
0x00007ffc8a420000 - 0x00007ffc8a438000 	c:\Users\ASUS\.vscode\extensions\redhat.java-1.54.0-win32-x64\jre\21.0.10-win32-x86_64\bin\zip.dll
0x00007ffcb2fc0000 - 0x00007ffcb2fd0000 	C:\Users\ASUS\.vscode\extensions\redhat.java-1.54.0-win32-x64\jre\21.0.10-win32-x86_64\bin\net.dll
0x00007ffcbfa80000 - 0x00007ffcbfba9000 	C:\WINDOWS\SYSTEM32\WINHTTP.dll
0x00007ffcc71c0000 - 0x00007ffcc722c000 	C:\WINDOWS\system32\mswsock.dll
0x00007ffc88d40000 - 0x00007ffc88d56000 	C:\Users\ASUS\.vscode\extensions\redhat.java-1.54.0-win32-x64\jre\21.0.10-win32-x86_64\bin\nio.dll
0x00007ffcad820000 - 0x00007ffcad830000 	c:\Users\ASUS\.vscode\extensions\redhat.java-1.54.0-win32-x64\jre\21.0.10-win32-x86_64\bin\verify.dll
0x00007ffc33810000 - 0x00007ffc33855000 	C:\Users\ASUS\AppData\Roaming\Code\User\globalStorage\redhat.java\1.54.0\config_win\org.eclipse.equinox.launcher\org.eclipse.equinox.launcher.win32.win32.x86_64_1.3.0.v20260203-2149\eclipse_11919.dll
0x00007ffcca5b0000 - 0x00007ffcca747000 	C:\WINDOWS\System32\ole32.dll
0x00007ffcc83b0000 - 0x00007ffcc83cb000 	C:\WINDOWS\SYSTEM32\CRYPTSP.dll
0x00007ffcc7680000 - 0x00007ffcc76b9000 	C:\WINDOWS\system32\rsaenh.dll
0x00007ffcc7230000 - 0x00007ffcc7263000 	C:\WINDOWS\SYSTEM32\USERENV.dll
0x00007ffcc8780000 - 0x00007ffcc87aa000 	C:\WINDOWS\SYSTEM32\bcrypt.dll
0x00007ffcc78d0000 - 0x00007ffcc78dc000 	C:\WINDOWS\SYSTEM32\CRYPTBASE.dll
0x00007ffcc66e0000 - 0x00007ffcc6712000 	C:\WINDOWS\SYSTEM32\IPHLPAPI.DLL
0x00007ffccb5c0000 - 0x00007ffccb5ca000 	C:\WINDOWS\System32\NSI.dll
0x00007ffc33510000 - 0x00007ffc33559000 	C:\Users\ASUS\AppData\Local\Temp\jna-2018896\jna8109121661998536150.dll
0x00007ffcc9db0000 - 0x00007ffcc9db8000 	C:\WINDOWS\System32\PSAPI.DLL

JVMTI agents:
c:\Users\ASUS\.vscode\extensions\redhat.java-1.54.0-win32-x64\lombok\lombok-1.18.39-4050.jar path:c:\Users\ASUS\.vscode\extensions\redhat.java-1.54.0-win32-x64\jre\21.0.10-win32-x86_64\bin\instrument.dll, loaded, initialized, instrumentlib options:none

dbghelp: loaded successfully - version: 4.0.5 - missing functions: none
symbol engine: initialized successfully - sym options: 0x614 - pdb path: .;c:\Users\ASUS\.vscode\extensions\redhat.java-1.54.0-win32-x64\jre\21.0.10-win32-x86_64\bin;C:\WINDOWS\SYSTEM32;C:\WINDOWS\WinSxS\amd64_microsoft.windows.common-controls_6595b64144ccf1df_6.0.26100.8328_none_3e08182ce334b678;c:\Users\ASUS\.vscode\extensions\redhat.java-1.54.0-win32-x64\jre\21.0.10-win32-x86_64\bin\server;C:\Users\ASUS\AppData\Roaming\Code\User\globalStorage\redhat.java\1.54.0\config_win\org.eclipse.equinox.launcher\org.eclipse.equinox.launcher.win32.win32.x86_64_1.3.0.v20260203-2149;C:\Users\ASUS\AppData\Local\Temp\jna-2018896

VM Arguments:
jvm_args: --add-modules=ALL-SYSTEM --add-opens=java.base/java.util=ALL-UNNAMED --add-opens=java.base/java.lang=ALL-UNNAMED --add-opens=java.base/sun.nio.fs=ALL-UNNAMED -Declipse.application=org.eclipse.jdt.ls.core.id1 -Dosgi.bundles.defaultStartLevel=4 -Declipse.product=org.eclipse.jdt.ls.core.product -Djava.import.generatesMetadataFilesAtProjectRoot=false -DDetectVMInstallationsJob.disabled=true -Dfile.encoding=utf8 -XX:+UseParallelGC -XX:GCTimeRatio=4 -XX:AdaptiveSizePolicyWeight=90 -Dsun.zip.disableMemoryMapping=true -Xmx2G -Xms100m -Xlog:disable -javaagent:c:\Users\ASUS\.vscode\extensions\redhat.java-1.54.0-win32-x64\lombok\lombok-1.18.39-4050.jar -XX:+HeapDumpOnOutOfMemoryError -XX:HeapDumpPath=c:\Users\ASUS\AppData\Roaming\Code\User\workspaceStorage\9b012d05ac8a093de4e6e11bdb2e5965\redhat.java -Daether.dependencyCollector.impl=bf 
java_command: c:\Users\ASUS\.vscode\extensions\redhat.java-1.54.0-win32-x64\server\plugins\org.eclipse.equinox.launcher_1.7.100.v20251111-0406.jar -configuration c:\Users\ASUS\AppData\Roaming\Code\User\globalStorage\redhat.java\1.54.0\config_win -data c:\Users\ASUS\AppData\Roaming\Code\User\workspaceStorage\9b012d05ac8a093de4e6e11bdb2e5965\redhat.java\jdt_ws --pipe=\\.\pipe\lsp-f2c841c074b848560da9e9714c41de3b-sock
java_class_path (initial): c:\Users\ASUS\.vscode\extensions\redhat.java-1.54.0-win32-x64\server\plugins\org.eclipse.equinox.launcher_1.7.100.v20251111-0406.jar
Launcher Type: SUN_STANDARD

[Global flags]
    uintx AdaptiveSizePolicyWeight                 = 90                                        {product} {command line}
     intx CICompilerCount                          = 4                                         {product} {ergonomic}
    uintx GCTimeRatio                              = 4                                         {product} {command line}
     bool HeapDumpOnOutOfMemoryError               = true                                   {manageable} {command line}
    ccstr HeapDumpPath                             = c:\Users\ASUS\AppData\Roaming\Code\User\workspaceStorage\9b012d05ac8a093de4e6e11bdb2e5965\redhat.java         {manageable} {command line}
   size_t InitialHeapSize                          = 104857600                                 {product} {command line}
   size_t MaxHeapSize                              = 2147483648                                {product} {command line}
   size_t MaxNewSize                               = 715653120                                 {product} {ergonomic}
   size_t MinHeapDeltaBytes                        = 524288                                    {product} {ergonomic}
   size_t MinHeapSize                              = 104857600                                 {product} {command line}
   size_t NewSize                                  = 34603008                                  {product} {ergonomic}
    uintx NonNMethodCodeHeapSize                   = 5839372                                {pd product} {ergonomic}
    uintx NonProfiledCodeHeapSize                  = 122909434                              {pd product} {ergonomic}
   size_t OldSize                                  = 70254592                                  {product} {ergonomic}
    uintx ProfiledCodeHeapSize                     = 122909434                              {pd product} {ergonomic}
    uintx ReservedCodeCacheSize                    = 251658240                              {pd product} {ergonomic}
     bool SegmentedCodeCache                       = true                                      {product} {ergonomic}
   size_t SoftMaxHeapSize                          = 2147483648                             {manageable} {ergonomic}
     bool UseCompressedOops                        = true                           {product lp64_product} {ergonomic}
     bool UseLargePagesIndividualAllocation        = false                                  {pd product} {ergonomic}
     bool UseParallelGC                            = true                                      {product} {command line}

Logging:
Log output configuration:
 #0: stdout all=off uptime,level,tags foldmultilines=false
 #1: stderr all=off uptime,level,tags foldmultilines=false

Release file:
JAVA_VERSION="21.0.10" 
MODULES="java.base java.compiler java.datatransfer java.xml java.prefs java.desktop java.instrument java.logging java.management java.security.sasl java.naming java.rmi java.management.rmi java.net.http java.scripting java.security.jgss java.transaction.xa java.sql java.sql.rowset java.xml.crypto java.se java.smartcardio jdk.accessibility jdk.internal.jvmstat jdk.attach jdk.charsets jdk.internal.opt jdk.zipfs jdk.compiler jdk.crypto.ec jdk.crypto.cryptoki jdk.crypto.mscapi jdk.dynalink jdk.internal.ed jdk.editpad jdk.hotspot.agent jdk.httpserver jdk.internal.le jdk.internal.vm.ci jdk.internal.vm.compiler jdk.internal.vm.compiler.management jdk.jartool jdk.javadoc jdk.jcmd jdk.management jdk.management.agent jdk.jconsole jdk.jdeps jdk.jdwp.agent jdk.jdi jdk.jfr jdk.jshell jdk.jsobject jdk.jstatd jdk.localedata jdk.management.jfr jdk.naming.dns jdk.naming.rmi jdk.net jdk.nio.mapmode jdk.random jdk.sctp jdk.security.auth jdk.security.jgss jdk.unsupported jdk.unsupported.desktop jdk.xml.dom" 

Environment Variables:
JAVA_HOME=C:\Program Files\Eclipse Adoptium\jdk-17.0.18.8-hotspot\
PATH=C:\Users\ASUS\AppData\Local\Programs\Microsoft VS Code;C:\Program Files\Eclipse Adoptium\jdk-17.0.18.8-hotspot\bin;C:\Program Files (x86)\VMware\VMware Workstation\bin\;C:\Program Files\Common Files\Oracle\Java\javapath;C:\WINDOWS\system32;C:\WINDOWS;C:\WINDOWS\System32\Wbem;C:\WINDOWS\System32\WindowsPowerShell\v1.0\;C:\WINDOWS\System32\OpenSSH\;C:\Program Files\dotnet\;C:\Program Files (x86)\Microsoft SQL Server\160\Tools\Binn\;C:\Program Files\Microsoft SQL Server\160\Tools\Binn\;C:\Program Files\Microsoft SQL Server\Client SDK\ODBC\170\Tools\Binn\;C:\Program Files\Microsoft SQL Server\160\DTS\Binn\;C:\Program Files (x86)\Microsoft SQL Server\160\DTS\Binn\;C:\Program Files\Azure Data Studio\bin;C:\Program Files\Microsoft SQL Server\150\Tools\Binn\;C:\Program Files\nodejs\;C:\Program Files\OpenSSL-Win64\bin;C:\Program Files (x86)\NVIDIA Corporation\PhysX\Common;C:\Program Files\Git\cmd;C:\Users\ASUS\AppData\Local\Programs\Python\Python39\;C:\Users\ASUS\AppData\Local\Programs\Python\Python39\Scripts\;C:\Users\YourUsername\AppData\Local\Programs\Python\Python39;C:\Users\YourUsername\AppData\Local\Programs\Python\Python39\Scripts;C:\ffmpeg\bin;C:\Program Files (x86)\PuTTY\;C:\Program Files\Graphviz\bin;C:\ProgramData\chocolatey\bin;C:\Program Files\Memurai\;C:\ProgramData\chocolatey\lib\redis-64;C:\Program Files\Cloudflare\Cloudflare WARP\;C:\Program Files\NVIDIA Corporation\NVIDIA App\NvDLISR;D:\hadoop-3.3.6\sbin;D:\hadoop-3.3.6\bin;C:\Program Files\Eclipse Adoptium\jdk-17.0.18.8-hotspot\\bin;C:\Program Files (x86)\Windows Kits\10\Windows Performance Toolkit\;C:\Users\ASUS\AppData\Local\Programs\Python\Python314\Scripts\;C:\Users\ASUS\AppData\Local\Programs\Python\Python314\;C:\Program Files\MySQL\MySQL Shell 8.0\bin\;C:\Users\ASUS\AppData\Local\Microsoft\WindowsApps;C:\Users\ASUS\AppData\Local\Programs\Microsoft VS Code\bin;C:\MinGW\libexec\mingw-get;C:\MinGW\bin;C:\Program Files\Azure Data Studio\bin;D:\1111111\pktriot-0.15.2.win64\pktriot-0.15.2;C:\Users\ASUS\.dotnet\tools;C:\Users\ASUS\AppData\Roaming\npm;C:\Users\ASUS\AppData\Local\Programs\Python\Python313\;C:\Users\ASUS\AppData\Local\Programs\Python\Python313\Scripts\;C:\Program Files\Graphviz\bin;C:\ProgramData\chocolatey\lib\redis-64;D:\PyCharm 2025.3.1\bin;D:\flutter\flutter\bin;
USERNAME=ASUS
OS=Windows_NT
PROCESSOR_IDENTIFIER=Intel64 Family 6 Model 165 Stepping 2, GenuineIntel
TMP=C:\Users\ASUS\AppData\Local\Temp
TEMP=C:\Users\ASUS\AppData\Local\Temp




Periodic native trim disabled

---------------  S Y S T E M  ---------------

OS:
 Windows 11 , 64 bit Build 26100 (10.0.26100.8328)
OS uptime: 0 days 9:07 hours
Hyper-V role detected

CPU: total 8 (initial active 8) (4 cores per cpu, 2 threads per core) family 6 model 165 stepping 2 microcode 0xe0, cx8, cmov, fxsr, ht, mmx, 3dnowpref, sse, sse2, sse3, ssse3, sse4.1, sse4.2, popcnt, lzcnt, tsc, tscinvbit, avx, avx2, aes, erms, clmul, bmi1, bmi2, adx, fma, vzeroupper, clflush, clflushopt, hv, rdtscp, f16c
Processor Information for the first 8 processors :
  Max Mhz: 2496, Current Mhz: 2496, Mhz Limit: 2496

Memory: 4k page, system-wide physical 16221M (4237M free)
TotalPageFile size 27485M (AvailPageFile size 5957M)
current process WorkingSet (physical memory assigned to process): 149M, peak: 150M
current process commit charge ("private bytes"): 282M, peak: 284M

vm_info: OpenJDK 64-Bit Server VM (21.0.10+7-LTS) for windows-amd64 JRE (21.0.10+7-LTS), built on 2026-01-20T00:00:00Z by "admin" with MS VC++ 17.12 (VS2022)

END.
